// Jest Snapshot v1, https://goo.gl/fbAQLP

exports[`<Button /> should match the Button tested with the snaphot 1`] = `
<button
  class="button"
>
  Load More Posts...
</button>
`;
