// Jest Snapshot v1, https://goo.gl/fbAQLP

exports[`<TextInput /> should match with the snapshot for TextInput already tested 1`] = `
<input
  class="text-input"
  placeholder="Type your search..."
  type="search"
  value=""
/>
`;
